// Jest Snapshot v1, https://goo.gl/fbAQLP

exports[`OnzeMedewerkers renders OnzeMedewerkers 1`] = `
<div>
  <section
    class="onzeMedewerkers"
  >
    <h2>
      title
    </h2>
    <p>
      description
    </p>
    <div
      class="employees"
    >
      <div
        class="employeeWrapper"
        style="transform: translateX(-0rem);"
      >
        <div
          class="employee"
        >
          <a
            href="/employee/slug"
          >
            <img
              alt="alternativeText"
              data-nimg="1"
              decoding="async"
              height="321"
              src="/api/custom-loader?url=https%3A%2F%2Fvia.placeholder.com%2F876x1025?q=100"
              srcset="/api/custom-loader?url=https%3A%2F%2Fvia.placeholder.com%2F876x1025?q=100 1x, /api/custom-loader?url=https%3A%2F%2Fvia.placeholder.com%2F876x1025?q=100 2x"
              style="color: transparent;"
              width="268"
            />
          </a>
          <div
            class="text"
          >
            <h6
              class="name"
            >
              firstName name
            </h6>
            <a
              class="telephone"
              href="tel:telephone"
            >
              <h6>
                Tel: telephone
              </h6>
            </a>
            <a
              href="https://linkedin.com"
            >
              <svg
                class="icon"
                fill="currentColor"
                height="24"
                viewBox="0 0 24 24"
                width="24"
                xmlns="http://www.w3.org/2000/svg"
              >
                <path
                  d="M20.47,2H3.53A1.45,1.45,0,0,0,2.06,3.43V20.57A1.45,1.45,0,0,0,3.53,22H20.47a1.45,1.45,0,0,0,1.47-1.43V3.43A1.45,1.45,0,0,0,20.47,2ZM8.09,18.74h-3v-9h3ZM6.59,8.48h0a1.56,1.56,0,1,1,0-3.12,1.57,1.57,0,1,1,0,3.12ZM18.91,18.74h-3V13.91c0-1.21-.43-2-1.52-2A1.65,1.65,0,0,0,12.85,13a2,2,0,0,0-.1.73v5h-3s0-8.18,0-9h3V11A3,3,0,0,1,15.46,9.5c2,0,3.45,1.29,3.45,4.06Z"
                />
              </svg>
            </a>
            <p
              class="rechtsdomein"
            >
              title
            </p>
          </div>
        </div>
      </div>
    </div>
    <div
      class="buttons"
    >
      <button
        class="button false secondary md noLabel backButton beige"
        disabled=""
        type="button"
      >
        <p
          class="label"
        />
        <svg
          fill="currentColor"
          height="24"
          viewBox="0 0 24 24"
          width="24"
          xmlns="http://www.w3.org/2000/svg"
        >
          <path
            d="M17,11H9.41l3.3-3.29a1,1,0,1,0-1.42-1.42l-5,5a1,1,0,0,0-.21.33,1,1,0,0,0,0,.76,1,1,0,0,0,.21.33l5,5a1,1,0,0,0,1.42,0,1,1,0,0,0,0-1.42L9.41,13H17a1,1,0,0,0,0-2Z"
          />
        </svg>
      </button>
      <button
        class="button false secondary md noLabel backButton beige"
        disabled=""
        type="button"
      >
        <p
          class="label"
        />
        <svg
          fill="currentColor"
          height="24"
          viewBox="0 0 24 24"
          width="24"
          xmlns="http://www.w3.org/2000/svg"
        >
          <path
            d="M17.92,11.62a1,1,0,0,0-.21-.33l-5-5a1,1,0,0,0-1.42,1.42L14.59,11H7a1,1,0,0,0,0,2h7.59l-3.3,3.29a1,1,0,0,0,0,1.42,1,1,0,0,0,1.42,0l5-5a1,1,0,0,0,.21-.33A1,1,0,0,0,17.92,11.62Z"
          />
        </svg>
      </button>
    </div>
  </section>
</div>
`;
